cargo :     Finished `dev` 
profile [unoptimized + 
debuginfo] target(s) in 2.97s
At line:1 char:1
+ cargo run --bin test > 
test_output.txt 2>&1
+ ~~~~~~~~~~~~~~~~~~~~~~~~~~~~
~~~~~~~~~~~~~~~
    + CategoryInfo          : 
    NotSpecified: (    Finis  
  hed `d...get(s) in 2.97s:   
 String) [], RemoteExcepti    
on
    + FullyQualifiedErrorId : 
    NativeCommandError
 
warning: the following 
packages contain code that 
will be rejected by a future 
version of Rust: redis 
v0.24.0, sqlx-postgres v0.7.4
note: to see what the 
problems were, use the option 
`--future-incompat-report`, 
or run `cargo report 
future-incompatibilities --id 
8`
     Running 
`target\debug\test.exe`
Insert Error: Database(PgDatabaseError { severity: Error, code: "42703", message: "column \"title\" of relation \"users\" does not exist", detail: None, hint: None, position: Some(Original(156)), where: None, schema: None, table: None, column: None, data_type: None, constraint: None, file: Some("parse_target.c"), line: Some(1065), routine: Some("checkInsertTargets") })
